../Core/Src/freertos.c:140:6:HAL_TIM_IC_CaptureCallback	16	static
../Core/Src/freertos.c:173:6:MX_FREERTOS_Init	8	static
../Core/Src/freertos.c:255:6:StartDefaultTask	16	static
../Core/Src/freertos.c:273:6:CommandDetection	40	static
../Core/Src/freertos.c:302:6:UltrasoundSensor	32	static
../Core/Src/freertos.c:339:6:UsartReceiving	16	static
../Core/Src/freertos.c:397:6:IR_CommandsDetection	24	static
../Core/Src/freertos.c:471:6:EngineTask	24	static
../Core/Src/freertos.c:503:6:Callback01	16	static
../Core/Src/freertos.c:510:6:Callback02	16	static
