../Core/Src/freertos.c:153:6:HAL_TIM_IC_CaptureCallback	16	static
../Core/Src/freertos.c:189:6:MX_FREERTOS_Init	8	static
../Core/Src/freertos.c:277:6:StartDefaultTask	16	static
../Core/Src/freertos.c:295:6:CommandDetection	40	static
../Core/Src/freertos.c:324:6:UltrasoundSensor	32	static
../Core/Src/freertos.c:361:6:UsartReceiving	16	static
../Core/Src/freertos.c:419:6:IR_CommandsDetection	24	static
../Core/Src/freertos.c:490:6:EngineTask	24	static
../Core/Src/freertos.c:529:6:GetCompassMeasurement	16	static
../Core/Src/freertos.c:542:6:Callback01	16	static
../Core/Src/freertos.c:549:6:Callback02	16	static
