../Core/Src/main.c:101:5:__io_putchar	24	static
../Core/Src/main.c:118:5:main	8	static
../Core/Src/main.c:209:6:SystemClock_Config	96	static
../Core/Src/main.c:254:13:MX_USART2_UART_Init	8	static
../Core/Src/main.c:289:13:MX_GPIO_Init	32	static
../Core/Src/main.c:323:6:StartDefaultTask	16	static
../Core/Src/main.c:341:6:UsartReceiving	32	static
../Core/Src/main.c:393:6:CommandDetection	32	static
../Core/Src/main.c:422:6:HAL_TIM_PeriodElapsedCallback	16	static
../Core/Src/main.c:439:6:Error_Handler	4	static,ignoring_inline_asm
